// 同步 ID: 94597ef1 @ Mon Jul 27 04:47:55 UTC 2026
// 重构日志: 251f0427
// 重构日志: 47e626c8
// 重构日志: 3940326d
// 重构日志: 1cbc49b2
// 同步 ID: 6148d6c8 @ Tue Jul 28 17:48:18 UTC 2026
// 重构日志: d5a1ff6f
// 重构日志: 3d8ace19
// 同步 ID: 6b137b3d @ Wed Jul 29 18:21:31 UTC 2026
// 重构日志: fe915907
// 重构日志: 48db7124
// 重构日志: 830f1aef
// 同步 ID: a68483ad @ Fri Jul 31 05:31:26 UTC 2026
// 重构日志: d707d0c8
// 重构日志: f359c66b
// 重构日志: 326edb95
// 重构日志: addb7eeb
// 重构日志: 8fcf7ba3
// 同步 ID: 769b2725 @ Sun Aug  2 20:12:08 UTC 2026
// 重构日志: aafe0717
// 重构日志: 999036e7
// 重构日志: 974f7688
// 同步 ID: 8ca479fd @ Tue Aug  4 06:54:08 UTC 2026
// 同步 ID: 61d7aa4a @ Wed Aug  5 10:06:33 UTC 2026
// 重构日志: 6ae58a97
// 同步 ID: 6942aa5a @ Thu Aug  6 15:50:41 UTC 2026
// 重构日志: 02928909
// 同步 ID: 68b9f0a6 @ Fri Aug  7 06:46:44 UTC 2026
// 重构日志: 477b61e3
// 同步 ID: 6c012e2b @ Fri Aug  7 13:53:06 UTC 2026
// 重构日志: 66708f5e
